


ARM Macro Assembler    Page 1 


    1 00000000                 PRESERVE8
    2 00000000                 THUMB
    3 00000000         
    4 00000000         
    5 00000000         ; ====================== zone de réservation de donnée
                       s,  ======================================
    6 00000000         ;Section RAM (read only) :
    7 00000000                 area             mesdata,data,readonly
    8 00000000         
    9 00000000         ;Section RAM (read write):
   10 00000000                 area             maram,data,readwrite
   11 00000000         
   12 00000000 00000000 
                       SortieSon
                               dcd              0
   13 00000004 00000000 
                       AdresseSon
                               dcd              0
   14 00000008         
   15 00000008         ; ======================================================
                       =========================================
   16 00000008         
   17 00000008         
   18 00000008         
   19 00000008         
   20 00000008         ;Section ROM code (read only) :  
   21 00000008                 area             moncode,code,readonly
   22 00000000         ; écrire le code ici  
   23 00000000         
   24 00000000                 extern           Son         ; Son est l'adresse
                                                             du tableau de sons
                                                            
   25 00000000                 extern           PWM_Set_Value_TIM3_Ch3
   26 00000000                 export           CallbackSon
   27 00000000                 export           SortieSon
   28 00000000                 extern           LongueurSon
   29 00000000                 export           StartSon
   30 00000000         
   31 00000000         
   32 00000000         StartSon
   33 00000000 4915            ldr              r1,=AdresseSon
   34 00000002 4816            ldr              r0, =Son
   35 00000004 6008            str              r0,[r1]     ; stocke adresse so
                                                            n
   36 00000006         
   37 00000006         CallbackSon
   38 00000006         
   39 00000006 B570            push             {r4, r5, r6, lr}
   40 00000008 4913            ldr              r1,=AdresseSon
   41 0000000A 4B15            ldr              r3,=SortieSon
   42 0000000C 6808            ldr              r0, [r1]    ; r1 est l'adresse 
                                                            de adresse son, r0 
                                                            est sa valeur
   43 0000000E         
   44 0000000E         ; Dire au programme de ne plus lire après la fin du son
                       
   45 0000000E         
   46 0000000E 4D15            ldr              r5, =LongueurSon
   47 00000010 682D            ldr              r5, [r5]



ARM Macro Assembler    Page 2 


   48 00000012 F04F 0602       mov              r6, #2
   49 00000016 FB05 F506       mul              r5, r6      ; soit la taille de
                                                             Son * 2 car 2 bits
                                                            
   50 0000001A 4E10            ldr              r6, =Son
   51 0000001C 4435            add              r5, r6
   52 0000001E 42A8            cmp              r0, r5
   53 00000020 D015            beq              fin
   54 00000022         
   55 00000022         ; initialisation de adresse son si elle vaut 0
   56 00000022 2800            cmp              r0, #0
   57 00000024 D100            bne              lire_son
   58 00000026 480D            ldr              r0, =Son
   59 00000028         
   60 00000028         lire_son
   61 00000028         
   62 00000028         ; Lire le son tous les ticks d'horloge, en avançant de 
                       16 bits à chaque fois
   63 00000028 F9B0 2000       ldrsh            r2, [r0]    ; lire le son sur 1
                                                            6 bits
   64 0000002C         
   65 0000002C         ; mise à l'echelle [0, 719] : Produit en croix, maxi=65
                       535 -> 719 , min=0->0
   66 0000002C F512 4200       adds             r2, #32768  ; Décalage pour fa
                                                            ire une valeur abso
                                                            lue (2^15)
   67 00000030 F240 24CF       mov              r4, #719
   68 00000034 FB02 F204       mul              r2, r4
   69 00000038 F64F 74FF       mov              r4, #65535
   70 0000003C FB92 F2F4       sdiv             r2, r4
   71 00000040         
   72 00000040 601A            str              r2, [r3]    ; stocker le son lu
                                                             dans SortieSon
   73 00000042 F100 0002       add              r0, #2      ; incrémente adres
                                                            se son de 16 bits
   74 00000046 6008            str              r0,[r1]     ; stocke adresse so
                                                            n
   75 00000048         
   76 00000048 4610            mov              r0,r2
   77 0000004A F7FF FFFE       bl               PWM_Set_Value_TIM3_Ch3
   78 0000004E         
   79 0000004E         fin
   80 0000004E BC10            pop              {r4}
   81 00000050 BC20            pop              {r5}
   82 00000052 BC40            pop              {r6}
   83 00000054 BD00            pop              {pc}
   84 00000056         
   85 00000056                 END
              00 00 00000000 
              00000000 
              00000000 
              00000000 
Command Line: --debug --xref --diag_suppress=9931 --cpu=Cortex-M3 --apcs=interw
ork --depend=.\obj\gestionson.d -o.\obj\gestionson.o -I.\RTE\_CibleSondeKEIL -I
C:\Programdata\Keil\Arm\Packs\ARM\CMSIS\5.7.0\CMSIS\Core\Include -IC:\Programda
ta\Keil\Arm\Packs\Keil\STM32F1xx_DFP\2.3.0\Device\Include --predefine="__EVAL S
ETA 1" --predefine="__MICROLIB SETA 1" --predefine="__UVISION_VERSION SETA 530"
 --predefine="_RTE_ SETA 1" --predefine="STM32F10X_MD SETA 1" --predefine="_RTE
_ SETA 1" --list=gestionson.lst Src\GestionSon.s



ARM Macro Assembler    Page 1 Alphabetic symbol ordering
Relocatable symbols

mesdata 00000000

Symbol: mesdata
   Definitions
      At line 7 in file Src\GestionSon.s
   Uses
      None
Comment: mesdata unused
1 symbol



ARM Macro Assembler    Page 1 Alphabetic symbol ordering
Relocatable symbols

AdresseSon 00000004

Symbol: AdresseSon
   Definitions
      At line 13 in file Src\GestionSon.s
   Uses
      At line 33 in file Src\GestionSon.s
      At line 40 in file Src\GestionSon.s

SortieSon 00000000

Symbol: SortieSon
   Definitions
      At line 12 in file Src\GestionSon.s
   Uses
      At line 27 in file Src\GestionSon.s
      At line 41 in file Src\GestionSon.s

maram 00000000

Symbol: maram
   Definitions
      At line 10 in file Src\GestionSon.s
   Uses
      None
Comment: maram unused
3 symbols



ARM Macro Assembler    Page 1 Alphabetic symbol ordering
Relocatable symbols

CallbackSon 00000006

Symbol: CallbackSon
   Definitions
      At line 37 in file Src\GestionSon.s
   Uses
      At line 26 in file Src\GestionSon.s
Comment: CallbackSon used once
StartSon 00000000

Symbol: StartSon
   Definitions
      At line 32 in file Src\GestionSon.s
   Uses
      At line 29 in file Src\GestionSon.s
Comment: StartSon used once
fin 0000004E

Symbol: fin
   Definitions
      At line 79 in file Src\GestionSon.s
   Uses
      At line 53 in file Src\GestionSon.s
Comment: fin used once
lire_son 00000028

Symbol: lire_son
   Definitions
      At line 60 in file Src\GestionSon.s
   Uses
      At line 57 in file Src\GestionSon.s
Comment: lire_son used once
moncode 00000000

Symbol: moncode
   Definitions
      At line 21 in file Src\GestionSon.s
   Uses
      None
Comment: moncode unused
5 symbols



ARM Macro Assembler    Page 1 Alphabetic symbol ordering
External symbols

LongueurSon 00000000

Symbol: LongueurSon
   Definitions
      At line 28 in file Src\GestionSon.s
   Uses
      At line 46 in file Src\GestionSon.s
Comment: LongueurSon used once
PWM_Set_Value_TIM3_Ch3 00000000

Symbol: PWM_Set_Value_TIM3_Ch3
   Definitions
      At line 25 in file Src\GestionSon.s
   Uses
      At line 77 in file Src\GestionSon.s
Comment: PWM_Set_Value_TIM3_Ch3 used once
Son 00000000

Symbol: Son
   Definitions
      At line 24 in file Src\GestionSon.s
   Uses
      At line 34 in file Src\GestionSon.s
      At line 50 in file Src\GestionSon.s
      At line 58 in file Src\GestionSon.s

3 symbols
349 symbols in table
